============================================================
python : Traceback 
(most recent call 
last):
At line:1 char:1
+ python test_sinta
_publications.py > 
test_output.txt 
2>&1 ; type test_ 
...
+ ~~~~~~~~~~~~~~~~~
~~~~~~~~~~~~~~~~~~~
~~~~~~~~~~~~~~~~~~~
~
    + CategoryInfo 
             : No  
  tSpecified: (T   
 raceback (most    
 recent call l    
ast)::String)     
[], RemoteExce    
ption
    + FullyQualifi 
   edErrorId : Na  
  tiveCommandErr   
 or
 
  File 
"C:\Users\Daffa Rin
ali\Documents\10.Pr
ojects\ITS_Intellig
ence_Hub\test_sinta
_publications.py", 
line 83, in 
<module>
    success = test_
publication_extract
ion()
              ^^^^^
^^^^^^^^^^^^^^^^^^^
^^^^^
  File 
"C:\Users\Daffa Rin
ali\Documents\10.Pr
ojects\ITS_Intellig
ence_Hub\test_sinta
_publications.py", 
line 27, in test_pu
blication_extractio
n
    
print("\U0001f9ea 
SINTA Publication 
Extraction Test")
  File "C:\Python31
2\Lib\encodings\cp1
252.py", line 19, 
in encode
    return codecs.c
harmap_encode(input
,self.errors,encodi
ng_table)[0]
           ^^^^^^^^
^^^^^^^^^^^^^^^^^^^
^^^^^^^^^^^^^^^^^^^
^^^^^^^^^
UnicodeEncodeError:
 'charmap' codec 
can't encode 
character 
'\U0001f9ea' in 
position 0: 
character maps to 
<undefined>
