python : 
2026-02-05 
13:28:17,269 
Starting 
Playwright browser 
(stealth mode)...
At line:1 char:1
+ python test_compr
ehensive_scraper.py
 > test_output.log 
2>&1; Get-Cont ...
+ ~~~~~~~~~~~~~~~~~
~~~~~~~~~~~~~~~~~~~
~~~~~~~~~~~~~~~~~~~
~~~~
    + CategoryInfo 
             : No  
  tSpecified: (2   
 026-02-05 13:2    
...tealth mode    
)...:String) [    
], RemoteExcep    
tion
    + FullyQualifi 
   edErrorId : Na  
  tiveCommandErr   
 or
 
2026-02-05 
13:28:17,956 
Browser started 
successfully
2026-02-05 
13:28:21,250 
Extracted 10 
publications from 
scopus for author 
29555
2026-02-05 
13:28:25,209 
Extracted 10 
publications from 
googlescholar for 
author 29555
2026-02-05 
13:28:30,136 HTTP 
Request: POST https
://yzazffxwaqefhxkv
eejl.supabase.co/re
st/v1/rpc/upsert_si
nta_lecturer 
"HTTP/2 200 OK"
2026-02-05 
13:28:31,343 
Browser closed
============================================================
COMPREHENSIVE SINTA SCRAPER - QUICK TEST
============================================================

Scraping author ID: 29555...

[OK] Name: RIYANARTO SARNO
[OK] SINTA ID: 29555
[OK] NIDN: None
[OK] Dept: S3 - Ilmu Komputer
[??] H-Index Scopus: 0
[??] H-Index GScholar: 0
[OK] Expertise Tags: ['Internet of Things', 'Business Process Management', 'Process Aware Information Systems', 'Knowledge']
[OK] Publications: 20 items
[OK] Researches: 10 items
[OK] Services: 10 items
[OK] IPRs: 10 items
[OK] Books: 8 items

Testing database save...
[OK] Database save SUCCESS

============================================================
Test complete! If all [OK], you can run full scrape:
python -m src.sinta_scraper --resume
============================================================
